
> backend@1.0.0 build
> tsc

src/app.ts(113,24): error TS2769: No overload matches this call.
  The last overload gave the following error.
    Argument of type '(req: Request<{}, any, any, ParsedQs, Record<string, any>>, res: Response<any, Record<string, any>, number>) => Promise<Response<any, Record<...>, number> | undefined>' is not assignable to parameter of type 'Application<Record<string, any>>'.
      Type '(req: Request<{}, any, any, ParsedQs, Record<string, any>>, res: Response<any, Record<string, any>, number>) => Promise<Response<any, Record<...>, number> | undefined>' is missing the following properties from type 'Application<Record<string, any>>': init, defaultConfiguration, engine, set, and 63 more.
src/app.ts(190,27): error TS2769: No overload matches this call.
  The last overload gave the following error.
    Argument of type '(req: Request<{ id: string; }, any, any, ParsedQs, Record<string, any>>, res: Response<any, Record<string, any>, number>) => Promise<...>' is not assignable to parameter of type 'Application<Record<string, any>>'.
      Type '(req: Request<{ id: string; }, any, any, ParsedQs, Record<string, any>>, res: Response<any, Record<string, any>, number>) => Promise<...>' is missing the following properties from type 'Application<Record<string, any>>': init, defaultConfiguration, engine, set, and 63 more.
src/app.ts(314,9): error TS2769: No overload matches this call.
  The last overload gave the following error.
    Argument of type '(err: any, req: express.Request, res: express.Response, next: express.NextFunction) => express.Response<any, Record<string, any>> | undefined' is not assignable to parameter of type 'PathParams'.
